// Jest Snapshot v1, https://goo.gl/fbAQLP

exports[`Registration matches snapshot 1`] = `
<div
  style={
    Object {
      "display": "flex",
      "flexDirection": "column",
      "height": "100%",
      "justifyContent": "center",
      "padding": "30px",
    }
  }
>
  <div
    style={
      Object {
        "border": "1px solid #ddd",
        "borderRadius": "8px",
        "padding": "15px",
        "position": "relative",
      }
    }
  >
    <h2
      style={
        Object {
          "color": "#62b5e5",
        }
      }
    >
      Registration
    </h2>
    <input
      className="text"
      name="email"
      onChange={[Function]}
      placeholder="Enter Email"
      type="text"
      value=""
    />
    <input
      className="text"
      name="password"
      onChange={[Function]}
      placeholder="Enter Password"
      type="password"
      value=""
    />
    <button
      onClick={[Function]}
      style={
        Object {
          "backgroundColor": "#9e0606",
          "borderRadius": "4px",
          "borderWidth": 0,
          "boxShadow": "0 3px 9px rgb(0 0 0 / 5%)",
          "color": "#fff",
          "cursor": "pointer",
          "display": "block",
          "fontSize": "1.4rem",
          "fontWeight": "bold,",
          "lineHeight": 1,
          "marginTop": "30px",
          "padding": "15px",
          "textAlign": "center",
          "transition": "all 180ms",
          "width": "100%",
        }
      }
      type="button"
    >
      Register
    </button>
    <div
      style={
        Object {
          "display": "flex",
          "justifyContent": "flex-end",
          "marginTop": "30px",
        }
      }
    >
      <a
        href="/login"
        onClick={[Function]}
        style={
          Object {
            "color": "#62b5e5",
            "textDecoration": "underline",
          }
        }
      >
        Login
      </a>
    </div>
  </div>
</div>
`;
